<html>
<body>
<pre>
<h1>礦ision Build Log</h1>
<h2>Project:</h2>
E:\3dprinter\神州stm32\3.例程源码\107.OTG功能-对U盘的访问(显示U盘中图片)(STM32神舟IV号-库函数版)\Project\USB_Host_Examples_MSC\MDK-ARM\USBH_MSC.uvproj
Project File Date:  04/08/2012

<h2>Output:</h2>
Build target '神舟IV号STM3210C-EVAL_USBH-FS'
compiling stm32fxxx_it.c...
stm32fxxx_it.c: Error: command-line:  #564: cannot open preprocessing output output file ".\神舟IV号\stm32fxxx_it.d": No such file or directory
Target not created
Build target '神舟IV号STM3210C-EVAL_USBH-FS'
compiling stm32fxxx_it.c...
compiling usb_bsp.c...
compiling misc.c...
compiling main.c...
compiling usbh_usr.c...
compiling xprintf.c...
compiling usbh_stdreq.c...
compiling usbh_core.c...
compiling usbh_hcs.c...
compiling usbh_ioreq.c...
compiling usb_hcd_int.c...
compiling usb_core.c...
compiling usb_hcd.c...
compiling usbh_msc_scsi.c...
compiling usbh_msc_bot.c...
compiling usbh_msc_core.c...
compiling usbh_msc_fatfs.c...
compiling ff.c...
compiling fattime.c...
compiling lcd_log.c...
assembling startup_stm32f10x_cl.s...
compiling system_stm32f10x.c...
compiling stm32f10x_dma.c...
compiling stm32f10x_exti.c...
compiling stm32f10x_flash.c...
compiling stm32f10x_gpio.c...
compiling stm32f10x_i2c.c...
compiling stm32f10x_pwr.c...
compiling stm32f10x_rcc.c...
compiling stm32f10x_usart.c...
compiling stm32f10x_spi.c...
compiling stm32f10x_tim.c...
compiling stm3210c_eval_spi_sd.c...
compiling stm3210c_eval.c...
compiling stm3210c_eval_ioe.c...
compiling stm3210c_eval_lcd.c...
linking...
Program Size: Code=30148 RO-data=11396 RW-data=320 ZI-data=6032  
FromELF: creating hex file...
".\out\神舟IV号U盘访问USBH_MSC.axf" - 0 Error(s), 0 Warning(s).
Load "E:\\3dprinter\\神州stm32\\3.例程源码\\107.OTG功能-对U盘的访问(显示U盘中图片)(STM32神舟IV号-库函数版)\\Project\\USB_Host_Examples_MSC\\MDK-ARM\\out\\神舟IV号U盘访问USBH_MSC.AXF" 
Set JLink Project File to "E:\3dprinter\神州stm32\3.例程源码\107.OTG功能-对U盘的访问(显示U盘中图片)(STM32神舟IV号-库函数版)\Project\USB_Host_Examples_MSC\MDK-ARM\JLinkSettings.ini"
* JLink Info: Device "STM32F107VC" selected (256 KB flash, 20 KB RAM).
 
JLink info:
------------
DLL: V4.62 , compiled Jan 25 2013 15:19:47
Firmware: J-Link ARM V8 compiled Nov 14 2012 22:34:52
Hardware: V8.00
S/N : 304427288 
Feature(s) : RDI,FlashDL,FlashBP,JFlash,GDBFULL 
 
* JLink Info: TotalIRLen = 9, IRPrint = 0x0011
* JLink Info: TotalIRLen = 9, IRPrint = 0x0011
* JLink Info: Found Cortex-M3 r1p1, Little endian.
* JLink Info: TPIU fitted.
* JLink Info: ETM fitted.
* JLink Info: FPUnit: 6 code (BP) slots and 2 literal slots
ROMTableAddr = 0xE00FF003
* JLink Info: Found Cortex-M3 r1p1, Little endian.
* JLink Info: TPIU fitted.
* JLink Info: ETM fitted.
* JLink Info: FPUnit: 6 code (BP) slots and 2 literal slots
 
Target info:
------------
Device: STM32F107VC
VTarget = 3.319V
State of Pins: 
TCK: 1, TDI: 0, TDO: 1, TMS: 0, TRES: 1, TRST: 1
Hardware-Breakpoints: 6
Software-Breakpoints: 8192
Watchpoints:          4
JTAG speed: 2000 kHz
 
Erase Done.
Programming Done.
Verify OK.
* JLink Info: Found Cortex-M3 r1p1, Little endian.
* JLink Info: TPIU fitted.
* JLink Info: ETM fitted.
* JLink Info: FPUnit: 6 code (BP) slots and 2 literal slots
Application running ...
Build target '神舟IV号STM3210C-EVAL_USBH-FS'
compiling stm3210c_eval_lcd.c...
linking...
Program Size: Code=30148 RO-data=11396 RW-data=320 ZI-data=6032  
FromELF: creating hex file...
".\out\神舟IV号U盘访问USBH_MSC.axf" - 0 Error(s), 0 Warning(s).
Load "E:\\3dprinter\\神州stm32\\3.例程源码\\107.OTG功能-对U盘的访问(显示U盘中图片)(STM32神舟IV号-库函数版)\\Project\\USB_Host_Examples_MSC\\MDK-ARM\\out\\神舟IV号U盘访问USBH_MSC.AXF" 
Set JLink Project File to "E:\3dprinter\神州stm32\3.例程源码\107.OTG功能-对U盘的访问(显示U盘中图片)(STM32神舟IV号-库函数版)\Project\USB_Host_Examples_MSC\MDK-ARM\JLinkSettings.ini"
* JLink Info: Device "STM32F107VC" selected (256 KB flash, 20 KB RAM).
 
JLink info:
------------
DLL: V4.62 , compiled Jan 25 2013 15:19:47
Firmware: J-Link ARM V8 compiled Nov 14 2012 22:34:52
Hardware: V8.00
S/N : 304427288 
Feature(s) : RDI,FlashDL,FlashBP,JFlash,GDBFULL 
 
* JLink Info: TotalIRLen = 9, IRPrint = 0x0011
* JLink Info: TotalIRLen = 9, IRPrint = 0x0011
* JLink Info: Found Cortex-M3 r1p1, Little endian.
* JLink Info: TPIU fitted.
* JLink Info: ETM fitted.
* JLink Info: FPUnit: 6 code (BP) slots and 2 literal slots
ROMTableAddr = 0xE00FF003
* JLink Info: Found Cortex-M3 r1p1, Little endian.
* JLink Info: TPIU fitted.
* JLink Info: ETM fitted.
* JLink Info: FPUnit: 6 code (BP) slots and 2 literal slots
 
Target info:
------------
Device: STM32F107VC
VTarget = 3.319V
State of Pins: 
TCK: 1, TDI: 0, TDO: 1, TMS: 0, TRES: 1, TRST: 1
Hardware-Breakpoints: 6
Software-Breakpoints: 8192
Watchpoints:          4
JTAG speed: 2000 kHz
 
Erase Done.
Programming Done.
Verify OK.
* JLink Info: Found Cortex-M3 r1p1, Little endian.
* JLink Info: TPIU fitted.
* JLink Info: ETM fitted.
* JLink Info: FPUnit: 6 code (BP) slots and 2 literal slots
Application running ...
Build target '神舟IV号STM3210C-EVAL_USBH-FS'
compiling stm3210c_eval_lcd.c...
..\..\..\Utilities\STM32_EVAL\STM3210C_EVAL\stm3210c_eval_lcd.c(244): warning:  #223-D: function "Delay" declared implicitly
..\..\..\Utilities\STM32_EVAL\STM3210C_EVAL\stm3210c_eval_lcd.c(249): warning:  #223-D: function "LCD_DEBUG_PRINTF" declared implicitly
..\..\..\Utilities\STM32_EVAL\STM3210C_EVAL\stm3210c_eval_lcd.c(646): warning:  #223-D: function "LCD_Image2LcdDrawMonoBinaryPic" declared implicitly
..\..\..\Utilities\STM32_EVAL\STM3210C_EVAL\stm3210c_eval_lcd.c(646): error:  #20: identifier "gImage_ST_ICON" is undefined
..\..\..\Utilities\STM32_EVAL\STM3210C_EVAL\stm3210c_eval_lcd.c(1963): warning:  #177-D: function "delay" was declared but never referenced
Target not created
Build target '神舟IV号STM3210C-EVAL_USBH-FS'
compiling stm3210c_eval_lcd.c...
..\..\..\Utilities\STM32_EVAL\STM3210C_EVAL\stm3210c_eval_lcd.c(244): warning:  #223-D: function "Delay" declared implicitly
..\..\..\Utilities\STM32_EVAL\STM3210C_EVAL\stm3210c_eval_lcd.c(249): warning:  #223-D: function "LCD_DEBUG_PRINTF" declared implicitly
..\..\..\Utilities\STM32_EVAL\STM3210C_EVAL\stm3210c_eval_lcd.c(1951): warning:  #177-D: function "delay" was declared but never referenced
linking...
.\out\神舟IV号U盘访问USBH_MSC.axf: Error: L6218E: Undefined symbol Delay (referred from stm3210c_eval_lcd.o).
.\out\神舟IV号U盘访问USBH_MSC.axf: Error: L6218E: Undefined symbol LCD_DEBUG_PRINTF (referred from stm3210c_eval_lcd.o).
Target not created
